// Jest Snapshot v1, https://goo.gl/fbAQLP

exports[`Sandpack match the snapshot on server render 1`] = `
"<div class=\\"sp-wrapper sp-default sp-c-fVPbOs\\"><div class=\\"sp-layout sp-c-dvoSuG\\"><div class=\\"sp-stack sp-c-jKpMgH\\" style=\\"flex-grow:50;flex-shrink:50;min-width:350px\\"><div class=\\"sp-tabs sp-c-dyHYiL\\" translate=\\"no\\"><div aria-label=\\"Select active file\\" class=\\"sp-tabs-scrollable-container sp-c-gGbYbQ\\" role=\\"tablist\\"><button aria-selected=\\"true\\" class=\\"sp-tab-button sp-c-jCyRbv sp-c-cFDjHt\\" data-active=\\"true\\" role=\\"tab\\" title=\\"/src/index.js\\" type=\\"button\\">index.js</button><button aria-selected=\\"false\\" class=\\"sp-tab-button sp-c-jCyRbv sp-c-cFDjHt\\" data-active=\\"false\\" role=\\"tab\\" title=\\"/src/styles.css\\" type=\\"button\\">styles.css</button><button aria-selected=\\"false\\" class=\\"sp-tab-button sp-c-jCyRbv sp-c-cFDjHt\\" data-active=\\"false\\" role=\\"tab\\" title=\\"/index.html\\" type=\\"button\\">index.html</button></div></div><div class=\\"sp-code-editor sp-c-fdnnct\\"><div aria-describedby=\\"enter-instructions-test\\" aria-label=\\"Code Editor for index.js\\" class=\\"sp-cm sp-pristine sp-javascript sp-c-jcgexo sp-c-jkvvao\\" role=\\"group\\" tabindex=\\"0\\" translate=\\"no\\"><pre class=\\"sp-pre-placeholder sp-c-cdSpLI\\" style=\\"margin-left:20px\\"><span class=\\"sp-syntax-keyword\\">import</span> <span class=\\"sp-syntax-string\\">&quot;./styles.css&quot;</span><span class=\\"sp-syntax-punctuation\\">;</span>

<span class=\\"sp-syntax-plain\\">document</span>.<span class=\\"sp-syntax-property\\">getElementById</span><span class=\\"sp-syntax-punctuation\\">(</span><span class=\\"sp-syntax-string\\">&quot;app&quot;</span><span class=\\"sp-syntax-punctuation\\">)</span>.<span class=\\"sp-syntax-property\\">innerHTML</span> = <span class=\\"sp-syntax-string\\">\`
&lt;h1&gt;Hello Vanilla!&lt;/h1&gt;
&lt;div&gt;
  We use the same configuration as Parcel to bundle this sandbox, you can find more
  info about Parcel 
  &lt;a href=&quot;https://parceljs.org&quot; target=&quot;_blank&quot; rel=&quot;noopener noreferrer&quot;&gt;here&lt;/a&gt;.
&lt;/div&gt;
\`</span><span class=\\"sp-syntax-punctuation\\">;</span></pre><p id=\\"enter-instructions-test\\" style=\\"display:none\\">To enter the code editing mode, press Enter. To exit the edit mode, press Escape</p><p id=\\"exit-instructions-test\\" style=\\"display:none\\">You are editing the code. To exit the edit mode, press Escape</p></div></div></div><div class=\\"sp-stack sp-c-jKpMgH\\" style=\\"flex-grow:50;flex-shrink:50;min-width:350px\\"><div class=\\"sp-preview-container sp-c-bIhyHd\\"><iframe class=\\"sp-preview-iframe sp-c-fgviib\\" title=\\"Sandpack Preview\\"></iframe><div class=\\"sp-preview-actions sp-c-eKnQtg\\"><a href=\\"https://codesandbox.io/api/v1/sandboxes/define?parameters=&amp;query=file=/src/index.js%26from-sandpack=true\\" rel=\\"noreferrer noopener\\" target=\\"_blank\\" title=\\"Open in CodeSandbox\\" class=\\"sp-button sp-icon-standalone sp-csb-icon-light sp-c-jCyRbv sp-c-gMfcns sp-c-eBhISN\\"><svg height=\\"16\\" viewBox=\\"0 0 16 16\\" width=\\"16\\" xmlns=\\"http://www.w3.org/2000/svg\\" fill=\\"none\\"><path d=\\"M6.66671 3.33337H4.33337C3.78109 3.33337 3.33337 3.78109 3.33337 4.33337V11.6667C3.33337 12.219 3.78109 12.6667 4.33337 12.6667H11.6667C12.219 12.6667 12.6667 12.219 12.6667 11.6667V9.33337\\" stroke=\\"currentColor\\" stroke-linecap=\\"round\\"></path><path d=\\"M10 3.33337H12.5667C12.6219 3.33337 12.6667 3.37815 12.6667 3.43337V6.00004\\" stroke=\\"currentColor\\" stroke-linecap=\\"round\\"></path><path d=\\"M7.33337 8.66668L12.5334 3.46667\\" stroke=\\"currentColor\\" stroke-linecap=\\"round\\"></path></svg></a></div></div></div></div></div>"
`;
